127.0.0.1 - - [26/Apr/2011:09:42:57 +0800] "GET / HTTP/1.1" 404 955
0:0:0:0:0:0:0:1 - - [26/Apr/2011:09:42:59 +0800] "GET /InternetOS/loginfortoken HTTP/1.1" 200 16
0:0:0:0:0:0:0:1 - - [26/Apr/2011:13:37:44 +0800] "GET /InternetOS/loginfortoken?username=user&password=a HTTP/1.1" 200 16
0:0:0:0:0:0:0:1 - - [26/Apr/2011:13:38:23 +0800] "GET /demoapp/init HTTP/1.1" 404 999
0:0:0:0:0:0:0:1 - - [26/Apr/2011:13:38:23 +0800] "GET /favicon.ico HTTP/1.1" 404 988
0:0:0:0:0:0:0:1 - - [26/Apr/2011:13:38:34 +0800] "GET /DemoApp/Init HTTP/1.1" 302 8
0:0:0:0:0:0:0:1 - - [26/Apr/2011:13:38:34 +0800] "GET /InternetOS/identifyservice/login?callback=http://localhost:8080/DemoApp/Init HTTP/1.1" 200 513
0:0:0:0:0:0:0:1 - - [26/Apr/2011:13:38:38 +0800] "POST /InternetOS/identifyservice/login HTTP/1.1" 302 -
0:0:0:0:0:0:0:1 - - [26/Apr/2011:13:38:38 +0800] "GET /DemoApp/Init?authtoken=tokenuser HTTP/1.1" 302 8
127.0.0.1 - - [26/Apr/2011:13:38:38 +0800] "GET /InternetOS/identifyservice/token?authtoken=tokenuser HTTP/1.1" 200 16
0:0:0:0:0:0:0:1 - - [26/Apr/2011:13:38:40 +0800] "GET /DemoApp/signaltest HTTP/1.1" 200 -
127.0.0.1 - - [26/Apr/2011:13:38:40 +0800] "POST /InternetOS/signal/send?callback=http://localhost:8080/DemoApp/callback&token=accesstoken:user HTTP/1.1" 500 2564
127.0.0.1 - - [26/Apr/2011:13:39:45 +0800] "POST /InternetOS/signal/send?callback=http://localhost:8080/DemoApp/callback&token=accesstoken:user HTTP/1.1" 200 8
0:0:0:0:0:0:0:1 - - [26/Apr/2011:13:39:45 +0800] "GET /DemoApp/signaltest HTTP/1.1" 200 -
127.0.0.1 - - [26/Apr/2011:13:39:45 +0800] "POST /DemoApp/listener HTTP/1.1" 200 6
127.0.0.1 - - [26/Apr/2011:13:39:45 +0800] "POST /DemoApp/callback HTTP/1.1" 200 -
127.0.0.1 - - [26/Apr/2011:13:39:46 +0800] "POST /DemoApp/callback HTTP/1.1" 200 -
0:0:0:0:0:0:0:1 - - [26/Apr/2011:18:17:44 +0800] "GET /InternetOS/loginfortoken?username=user&password=a HTTP/1.1" 200 640
127.0.0.1 - - [26/Apr/2011:18:18:10 +0800] "POST /InternetOS/signal/send?callback=http://localhost:8080/DemoApp/callback&token=null HTTP/1.1" 200 -
0:0:0:0:0:0:0:1 - - [26/Apr/2011:18:18:10 +0800] "GET /DemoApp/signaltest HTTP/1.1" 200 8
127.0.0.1 - - [26/Apr/2011:18:18:10 +0800] "POST /DemoApp/callback HTTP/1.1" 200 -
0:0:0:0:0:0:0:1 - - [26/Apr/2011:18:18:10 +0800] "GET /favicon.ico HTTP/1.1" 404 988
0:0:0:0:0:0:0:1 - - [26/Apr/2011:18:18:19 +0800] "GET /DemoApp/signaltest HTTP/1.1" 200 16
127.0.0.1 - - [26/Apr/2011:18:18:19 +0800] "POST /InternetOS/signal/send?callback=http://localhost:8080/DemoApp/callback&token=null HTTP/1.1" 200 8
127.0.0.1 - - [26/Apr/2011:18:18:19 +0800] "POST /DemoApp/callback HTTP/1.1" 200 -
0:0:0:0:0:0:0:1 - - [26/Apr/2011:18:18:47 +0800] "GET /DemoApp/Init HTTP/1.1" 302 -
0:0:0:0:0:0:0:1 - - [26/Apr/2011:18:18:47 +0800] "GET /InternetOS/identifyservice/login?callback=http://localhost:8080/DemoApp/Init HTTP/1.1" 200 521
0:0:0:0:0:0:0:1 - - [26/Apr/2011:18:18:50 +0800] "POST /InternetOS/identifyservice/login HTTP/1.1" 302 8
0:0:0:0:0:0:0:1 - - [26/Apr/2011:18:18:50 +0800] "GET /DemoApp/Init?authtoken=tokenuser HTTP/1.1" 302 -
127.0.0.1 - - [26/Apr/2011:18:18:50 +0800] "GET /InternetOS/identifyservice/token?authtoken=tokenuser HTTP/1.1" 200 16
127.0.0.1 - - [26/Apr/2011:18:18:50 +0800] "POST /InternetOS/signal/send?callback=http://localhost:8080/DemoApp/callback&token=accesstoken:user HTTP/1.1" 200 -
0:0:0:0:0:0:0:1 - - [26/Apr/2011:18:18:50 +0800] "GET /DemoApp/signaltest HTTP/1.1" 200 -
127.0.0.1 - - [26/Apr/2011:18:18:50 +0800] "POST /DemoApp/listener HTTP/1.1" 200 6
127.0.0.1 - - [26/Apr/2011:18:18:50 +0800] "POST /DemoApp/callback HTTP/1.1" 200 -
127.0.0.1 - - [26/Apr/2011:18:18:50 +0800] "POST /DemoApp/callback HTTP/1.1" 200 -
127.0.0.1 - - [26/Apr/2011:18:18:58 +0800] "POST /InternetOS/signal/send?callback=http://localhost:8080/DemoApp/callback&token=accesstoken:user HTTP/1.1" 200 608
0:0:0:0:0:0:0:1 - - [26/Apr/2011:18:18:58 +0800] "GET /DemoApp/signaltest HTTP/1.1" 200 -
127.0.0.1 - - [26/Apr/2011:18:18:58 +0800] "POST /DemoApp/listener HTTP/1.1" 200 6
127.0.0.1 - - [26/Apr/2011:18:18:58 +0800] "POST /DemoApp/callback HTTP/1.1" 200 -
127.0.0.1 - - [26/Apr/2011:18:18:58 +0800] "POST /DemoApp/callback HTTP/1.1" 200 -
0:0:0:0:0:0:0:1 - - [26/Apr/2011:21:47:49 +0800] "GET /DemoApp/signaltest HTTP/1.1" 200 -
127.0.0.1 - - [26/Apr/2011:21:47:49 +0800] "POST /InternetOS/signal/send?callback=http://localhost:8080/DemoApp/callback&token=null HTTP/1.1" 200 616
127.0.0.1 - - [26/Apr/2011:21:47:49 +0800] "POST /DemoApp/callback HTTP/1.1" 200 8
0:0:0:0:0:0:0:1 - - [26/Apr/2011:21:47:53 +0800] "GET /DemoApp/signaltest HTTP/1.1" 200 -
127.0.0.1 - - [26/Apr/2011:21:47:53 +0800] "POST /InternetOS/signal/send?callback=http://localhost:8080/DemoApp/callback&token=null HTTP/1.1" 200 -
127.0.0.1 - - [26/Apr/2011:21:47:53 +0800] "POST /DemoApp/callback HTTP/1.1" 200 -
0:0:0:0:0:0:0:1 - - [26/Apr/2011:21:48:06 +0800] "POST /InternetOS/identifyservice/login HTTP/1.1" 302 -
0:0:0:0:0:0:0:1 - - [26/Apr/2011:21:48:06 +0800] "GET /DemoApp/Init?authtoken=tokenuser HTTP/1.1" 302 -
127.0.0.1 - - [26/Apr/2011:21:48:06 +0800] "GET /InternetOS/identifyservice/token?authtoken=tokenuser HTTP/1.1" 200 16
127.0.0.1 - - [26/Apr/2011:21:48:06 +0800] "POST /InternetOS/signal/send?callback=http://localhost:8080/DemoApp/callback&token=accesstoken:user HTTP/1.1" 200 -
0:0:0:0:0:0:0:1 - - [26/Apr/2011:21:48:06 +0800] "GET /DemoApp/signaltest HTTP/1.1" 200 16
127.0.0.1 - - [26/Apr/2011:21:48:07 +0800] "POST /DemoApp/listener HTTP/1.1" 200 6
127.0.0.1 - - [26/Apr/2011:21:48:06 +0800] "POST /DemoApp/callback HTTP/1.1" 200 -
127.0.0.1 - - [26/Apr/2011:21:48:06 +0800] "POST /DemoApp/callback HTTP/1.1" 200 -
0:0:0:0:0:0:0:1 - - [26/Apr/2011:21:50:17 +0800] "GET /InternetOS/loginfortoken?username=user&password=a HTTP/1.1" 200 16
0:0:0:0:0:0:0:1 - - [26/Apr/2011:21:50:24 +0800] "GET /InternetOS/identifyservice/login?callback=http://localhost:8080/DemoApp/Init HTTP/1.1" 200 513
0:0:0:0:0:0:0:1 - - [26/Apr/2011:21:50:24 +0800] "GET /favicon.ico HTTP/1.1" 404 988
0:0:0:0:0:0:0:1 - - [26/Apr/2011:21:50:28 +0800] "POST /InternetOS/identifyservice/login HTTP/1.1" 302 8
127.0.0.1 - - [26/Apr/2011:21:50:28 +0800] "GET /InternetOS/identifyservice/token?authtoken=tokenuser HTTP/1.1" 200 16
0:0:0:0:0:0:0:1 - - [26/Apr/2011:21:50:28 +0800] "GET /DemoApp/Init?authtoken=tokenuser HTTP/1.1" 302 608
127.0.0.1 - - [26/Apr/2011:21:50:28 +0800] "POST /InternetOS/signal/send?callback=http://localhost:8080/DemoApp/callback&token=accesstoken:user HTTP/1.1" 200 -
0:0:0:0:0:0:0:1 - - [26/Apr/2011:21:50:28 +0800] "GET /DemoApp/signaltest HTTP/1.1" 200 -
127.0.0.1 - - [26/Apr/2011:21:50:29 +0800] "POST /DemoApp/listener HTTP/1.1" 200 6
127.0.0.1 - - [26/Apr/2011:21:50:28 +0800] "POST /DemoApp/callback HTTP/1.1" 200 -
127.0.0.1 - - [26/Apr/2011:21:50:28 +0800] "POST /DemoApp/callback HTTP/1.1" 200 -
0:0:0:0:0:0:0:1 - - [26/Apr/2011:21:51:26 +0800] "GET /InternetOS/loginfortoken?username=user&password=a HTTP/1.1" 200 624
0:0:0:0:0:0:0:1 - - [26/Apr/2011:21:51:32 +0800] "GET /InternetOS/identifyservice/login?callback=http://localhost:8080/DemoApp/Init HTTP/1.1" 200 513
0:0:0:0:0:0:0:1 - - [26/Apr/2011:21:51:32 +0800] "GET /favicon.ico HTTP/1.1" 404 988
0:0:0:0:0:0:0:1 - - [26/Apr/2011:21:51:36 +0800] "POST /InternetOS/identifyservice/login HTTP/1.1" 302 -
127.0.0.1 - - [26/Apr/2011:21:51:36 +0800] "GET /InternetOS/identifyservice/token?authtoken=tokenuser HTTP/1.1" 200 24
0:0:0:0:0:0:0:1 - - [26/Apr/2011:21:51:36 +0800] "GET /DemoApp/Init?authtoken=tokenuser HTTP/1.1" 302 8
0:0:0:0:0:0:0:1 - - [26/Apr/2011:21:51:36 +0800] "GET /DemoApp/signaltest HTTP/1.1" 200 -
127.0.0.1 - - [26/Apr/2011:21:51:36 +0800] "POST /InternetOS/signal/send?callback=http://localhost:8080/DemoApp/callback&token=accesstoken:user HTTP/1.1" 200 -
127.0.0.1 - - [26/Apr/2011:21:51:36 +0800] "POST /DemoApp/listener HTTP/1.1" 200 6
127.0.0.1 - - [26/Apr/2011:21:51:36 +0800] "POST /DemoApp/callback HTTP/1.1" 200 -
127.0.0.1 - - [26/Apr/2011:21:51:36 +0800] "POST /DemoApp/callback HTTP/1.1" 200 -
0:0:0:0:0:0:0:1 - - [26/Apr/2011:21:55:00 +0800] "GET /InternetOS/loginfortoken?username=user&password=a HTTP/1.1" 200 16
0:0:0:0:0:0:0:1 - - [26/Apr/2011:21:55:06 +0800] "GET /InternetOS/identifyservice/login?callback=http://localhost:8080/DemoApp/Init HTTP/1.1" 200 521
0:0:0:0:0:0:0:1 - - [26/Apr/2011:21:55:06 +0800] "GET /favicon.ico HTTP/1.1" 404 988
0:0:0:0:0:0:0:1 - - [26/Apr/2011:21:55:09 +0800] "POST /InternetOS/identifyservice/login HTTP/1.1" 302 8
127.0.0.1 - - [26/Apr/2011:21:55:09 +0800] "GET /InternetOS/identifyservice/token?authtoken=tokenuser HTTP/1.1" 200 16
0:0:0:0:0:0:0:1 - - [26/Apr/2011:21:55:09 +0800] "GET /DemoApp/Init?authtoken=tokenuser HTTP/1.1" 302 608
127.0.0.1 - - [26/Apr/2011:21:55:09 +0800] "POST /InternetOS/signal/send?callback=http://localhost:8080/DemoApp/callback&token=accesstoken:user HTTP/1.1" 200 -
0:0:0:0:0:0:0:1 - - [26/Apr/2011:21:55:09 +0800] "GET /DemoApp/signaltest HTTP/1.1" 200 -
127.0.0.1 - - [26/Apr/2011:21:55:09 +0800] "POST /DemoApp/listener HTTP/1.1" 200 6
127.0.0.1 - - [26/Apr/2011:21:55:09 +0800] "POST /DemoApp/callback HTTP/1.1" 200 -
127.0.0.1 - - [26/Apr/2011:21:55:09 +0800] "POST /DemoApp/callback HTTP/1.1" 200 -
0:0:0:0:0:0:0:1 - - [26/Apr/2011:22:12:20 +0800] "GET /InternetOS/loginfortoken?username=user&password=a HTTP/1.1" 200 624
127.0.0.1 - - [26/Apr/2011:22:12:52 +0800] "POST /InternetOS/signal/send?callback=http://localhost:8080/DemoApp/callback&token=null HTTP/1.1" 200 8
0:0:0:0:0:0:0:1 - - [26/Apr/2011:22:12:53 +0800] "GET /DemoApp/signaltest HTTP/1.1" 200 -
127.0.0.1 - - [26/Apr/2011:22:12:54 +0800] "POST /InternetOS/signal/send?callback=http://localhost:8080/DemoApp/callback&token=null HTTP/1.1" 200 8
0:0:0:0:0:0:0:1 - - [26/Apr/2011:22:12:54 +0800] "GET /DemoApp/signaltest HTTP/1.1" 200 -
0:0:0:0:0:0:0:1 - - [26/Apr/2011:22:12:56 +0800] "GET /favicon.ico HTTP/1.1" 404 988
127.0.0.1 - - [26/Apr/2011:22:12:57 +0800] "POST /DemoApp/callback HTTP/1.1" 200 -
127.0.0.1 - - [26/Apr/2011:22:12:57 +0800] "POST /DemoApp/callback HTTP/1.1" 200 -
0:0:0:0:0:0:0:1 - - [26/Apr/2011:22:13:06 +0800] "GET /DemoApp/Init HTTP/1.1" 302 -
0:0:0:0:0:0:0:1 - - [26/Apr/2011:22:13:06 +0800] "GET /InternetOS/identifyservice/login?callback=http://localhost:8080/DemoApp/Init HTTP/1.1" 200 513
0:0:0:0:0:0:0:1 - - [26/Apr/2011:22:13:10 +0800] "POST /InternetOS/identifyservice/login HTTP/1.1" 302 8
0:0:0:0:0:0:0:1 - - [26/Apr/2011:22:13:10 +0800] "GET /DemoApp/Init?authtoken=tokenuser HTTP/1.1" 302 -
127.0.0.1 - - [26/Apr/2011:22:13:11 +0800] "GET /InternetOS/identifyservice/token?authtoken=tokenuser HTTP/1.1" 200 16
0:0:0:0:0:0:0:1 - - [26/Apr/2011:22:13:35 +0800] "GET /InternetOS/identifyservice/login?callback=http://localhost:8080/DemoApp/Init HTTP/1.1" 302 -
127.0.0.1 - - [26/Apr/2011:22:13:36 +0800] "GET /InternetOS/identifyservice/token?authtoken=tempauthTokenaccesstoken:user HTTP/1.1" 200 24
0:0:0:0:0:0:0:1 - - [26/Apr/2011:22:13:35 +0800] "GET /DemoApp/Init?authtoken=tempauthTokenaccesstoken:user HTTP/1.1" 302 -
0:0:0:0:0:0:0:1 - - [26/Apr/2011:22:13:39 +0800] "GET /DemoApp/signaltest HTTP/1.1" 200 -
127.0.0.1 - - [26/Apr/2011:22:13:39 +0800] "POST /InternetOS/signal/send?callback=http://localhost:8080/DemoApp/callback&token=accesstoken:user HTTP/1.1" 200 -
127.0.0.1 - - [26/Apr/2011:22:13:39 +0800] "POST /DemoApp/listener HTTP/1.1" 200 22
127.0.0.1 - - [26/Apr/2011:22:13:39 +0800] "POST /DemoApp/callback HTTP/1.1" 200 -
127.0.0.1 - - [26/Apr/2011:22:13:39 +0800] "POST /DemoApp/callback HTTP/1.1" 200 -
127.0.0.1 - - [26/Apr/2011:22:13:53 +0800] "POST /InternetOS/signal/send?callback=http://localhost:8080/DemoApp/callback&token=accesstoken:user HTTP/1.1" 500 4550
0:0:0:0:0:0:0:1 - - [26/Apr/2011:22:13:53 +0800] "GET /DemoApp/signaltest HTTP/1.1" 200 -
0:0:0:0:0:0:0:1 - - [26/Apr/2011:22:14:30 +0800] "GET /InternetOS/identifyservice/login?callback=http://localhost:8080/DemoApp/Init HTTP/1.1" 302 -
127.0.0.1 - - [26/Apr/2011:22:14:31 +0800] "GET /InternetOS/identifyservice/token?authtoken=tempauthTokenaccesstoken:user HTTP/1.1" 200 16
0:0:0:0:0:0:0:1 - - [26/Apr/2011:22:14:30 +0800] "GET /DemoApp/Init?authtoken=tempauthTokenaccesstoken:user HTTP/1.1" 302 608
0:0:0:0:0:0:0:1 - - [26/Apr/2011:22:14:32 +0800] "GET /InternetOS/identifyservice/login?callback=http://localhost:8080/DemoApp/Init HTTP/1.1" 302 -
127.0.0.1 - - [26/Apr/2011:22:14:32 +0800] "GET /InternetOS/identifyservice/token?authtoken=tempauthTokenaccesstoken:user HTTP/1.1" 200 24
0:0:0:0:0:0:0:1 - - [26/Apr/2011:22:14:32 +0800] "GET /DemoApp/Init?authtoken=tempauthTokenaccesstoken:user HTTP/1.1" 302 -
0:0:0:0:0:0:0:1 - - [26/Apr/2011:22:14:32 +0800] "GET /InternetOS/identifyservice/login?callback=http://localhost:8080/DemoApp/Init HTTP/1.1" 302 -
127.0.0.1 - - [26/Apr/2011:22:14:32 +0800] "GET /InternetOS/identifyservice/token?authtoken=tempauthTokenaccesstoken:user HTTP/1.1" 200 16
0:0:0:0:0:0:0:1 - - [26/Apr/2011:22:14:32 +0800] "GET /DemoApp/Init?authtoken=tempauthTokenaccesstoken:user HTTP/1.1" 302 -
0:0:0:0:0:0:0:1 - - [26/Apr/2011:22:14:34 +0800] "GET /InternetOS/identifyservice/login?callback=http://localhost:8080/DemoApp/Init HTTP/1.1" 302 -
127.0.0.1 - - [26/Apr/2011:22:14:34 +0800] "GET /InternetOS/identifyservice/token?authtoken=tempauthTokenaccesstoken:user HTTP/1.1" 200 16
0:0:0:0:0:0:0:1 - - [26/Apr/2011:22:14:34 +0800] "GET /DemoApp/Init?authtoken=tempauthTokenaccesstoken:user HTTP/1.1" 302 -
0:0:0:0:0:0:0:1 - - [26/Apr/2011:22:14:34 +0800] "GET /InternetOS/identifyservice/login?callback=http://localhost:8080/DemoApp/Init HTTP/1.1" 302 -
127.0.0.1 - - [26/Apr/2011:22:14:34 +0800] "GET /InternetOS/identifyservice/token?authtoken=tempauthTokenaccesstoken:user HTTP/1.1" 200 16
0:0:0:0:0:0:0:1 - - [26/Apr/2011:22:14:34 +0800] "GET /DemoApp/Init?authtoken=tempauthTokenaccesstoken:user HTTP/1.1" 302 -
0:0:0:0:0:0:0:1 - - [26/Apr/2011:22:14:35 +0800] "GET /InternetOS/identifyservice/login?callback=http://localhost:8080/DemoApp/Init HTTP/1.1" 302 -
127.0.0.1 - - [26/Apr/2011:22:14:35 +0800] "GET /InternetOS/identifyservice/token?authtoken=tempauthTokenaccesstoken:user HTTP/1.1" 200 16
0:0:0:0:0:0:0:1 - - [26/Apr/2011:22:14:35 +0800] "GET /DemoApp/Init?authtoken=tempauthTokenaccesstoken:user HTTP/1.1" 302 -
0:0:0:0:0:0:0:1 - - [26/Apr/2011:22:14:35 +0800] "GET /InternetOS/identifyservice/login?callback=http://localhost:8080/DemoApp/Init HTTP/1.1" 302 -
127.0.0.1 - - [26/Apr/2011:22:14:35 +0800] "GET /InternetOS/identifyservice/token?authtoken=tempauthTokenaccesstoken:user HTTP/1.1" 200 16
0:0:0:0:0:0:0:1 - - [26/Apr/2011:22:14:36 +0800] "GET /DemoApp/Init?authtoken=tempauthTokenaccesstoken:user HTTP/1.1" 302 -
0:0:0:0:0:0:0:1 - - [26/Apr/2011:22:15:16 +0800] "GET /InternetOS/loginfortoken?username=user&password=a HTTP/1.1" 200 16
127.0.0.1 - - [26/Apr/2011:22:15:29 +0800] "POST /InternetOS/signal/send?callback=http://localhost:8080/DemoApp/callback&token=null HTTP/1.1" 200 8
0:0:0:0:0:0:0:1 - - [26/Apr/2011:22:15:29 +0800] "GET /DemoApp/signaltest HTTP/1.1" 200 -
127.0.0.1 - - [26/Apr/2011:22:15:29 +0800] "POST /DemoApp/callback HTTP/1.1" 200 -
0:0:0:0:0:0:0:1 - - [26/Apr/2011:22:15:32 +0800] "GET /DemoApp/Init HTTP/1.1" 302 -
0:0:0:0:0:0:0:1 - - [26/Apr/2011:22:15:32 +0800] "GET /InternetOS/identifyservice/login?callback=http://localhost:8080/DemoApp/Init HTTP/1.1" 200 513
0:0:0:0:0:0:0:1 - - [26/Apr/2011:22:15:35 +0800] "POST /InternetOS/identifyservice/login HTTP/1.1" 302 -
0:0:0:0:0:0:0:1 - - [26/Apr/2011:22:15:35 +0800] "GET /DemoApp/Init?authtoken=tokenuser HTTP/1.1" 302 -
127.0.0.1 - - [26/Apr/2011:22:15:35 +0800] "GET /InternetOS/identifyservice/token?authtoken=tokenuser HTTP/1.1" 200 16
127.0.0.1 - - [26/Apr/2011:22:15:36 +0800] "POST /InternetOS/signal/send?callback=http://localhost:8080/DemoApp/callback&token=accesstoken:user HTTP/1.1" 200 -
0:0:0:0:0:0:0:1 - - [26/Apr/2011:22:15:36 +0800] "GET /DemoApp/signaltest HTTP/1.1" 200 -
127.0.0.1 - - [26/Apr/2011:22:15:36 +0800] "POST /DemoApp/listener HTTP/1.1" 200 6
127.0.0.1 - - [26/Apr/2011:22:15:36 +0800] "POST /DemoApp/callback HTTP/1.1" 200 -
127.0.0.1 - - [26/Apr/2011:22:15:36 +0800] "POST /DemoApp/callback HTTP/1.1" 200 -
127.0.0.1 - - [26/Apr/2011:22:15:44 +0800] "POST /InternetOS/signal/send?callback=http://localhost:8080/DemoApp/callback&token=accesstoken:user HTTP/1.1" 200 -
0:0:0:0:0:0:0:1 - - [26/Apr/2011:22:15:44 +0800] "GET /DemoApp/signaltest HTTP/1.1" 200 -
127.0.0.1 - - [26/Apr/2011:22:15:44 +0800] "POST /DemoApp/listener HTTP/1.1" 200 6
127.0.0.1 - - [26/Apr/2011:22:15:45 +0800] "POST /DemoApp/callback HTTP/1.1" 200 -
127.0.0.1 - - [26/Apr/2011:22:15:45 +0800] "POST /DemoApp/callback HTTP/1.1" 200 -
0:0:0:0:0:0:0:1 - - [26/Apr/2011:22:15:49 +0800] "GET /DemoApp/signaltest HTTP/1.1" 200 608
127.0.0.1 - - [26/Apr/2011:22:15:49 +0800] "POST /InternetOS/signal/send?callback=http://localhost:8080/DemoApp/callback&token=accesstoken:user HTTP/1.1" 200 -
127.0.0.1 - - [26/Apr/2011:22:15:49 +0800] "POST /DemoApp/listener HTTP/1.1" 200 6
127.0.0.1 - - [26/Apr/2011:22:15:49 +0800] "POST /DemoApp/callback HTTP/1.1" 200 -
127.0.0.1 - - [26/Apr/2011:22:15:49 +0800] "POST /DemoApp/callback HTTP/1.1" 200 -
127.0.0.1 - - [26/Apr/2011:22:15:51 +0800] "POST /InternetOS/signal/send?callback=http://localhost:8080/DemoApp/callback&token=accesstoken:user HTTP/1.1" 200 -
0:0:0:0:0:0:0:1 - - [26/Apr/2011:22:15:51 +0800] "GET /DemoApp/signaltest HTTP/1.1" 200 -
127.0.0.1 - - [26/Apr/2011:22:15:51 +0800] "POST /DemoApp/listener HTTP/1.1" 200 6
127.0.0.1 - - [26/Apr/2011:22:15:51 +0800] "POST /DemoApp/callback HTTP/1.1" 200 -
127.0.0.1 - - [26/Apr/2011:22:15:51 +0800] "POST /DemoApp/callback HTTP/1.1" 200 -
0:0:0:0:0:0:0:1 - - [26/Apr/2011:22:17:20 +0800] "GET /InternetOS/loginfortoken?username=user&password=a HTTP/1.1" 200 16
0:0:0:0:0:0:0:1 - - [26/Apr/2011:22:17:31 +0800] "GET /InternetOS/identifyservice/login?callback=http://localhost:8080/DemoApp/Init HTTP/1.1" 200 513
0:0:0:0:0:0:0:1 - - [26/Apr/2011:22:17:31 +0800] "GET /favicon.ico HTTP/1.1" 404 988
0:0:0:0:0:0:0:1 - - [26/Apr/2011:22:17:34 +0800] "POST /InternetOS/identifyservice/login HTTP/1.1" 302 -
127.0.0.1 - - [26/Apr/2011:22:17:34 +0800] "GET /InternetOS/identifyservice/token?authtoken=tokenuser HTTP/1.1" 200 16
0:0:0:0:0:0:0:1 - - [26/Apr/2011:22:17:34 +0800] "GET /DemoApp/Init?authtoken=tokenuser HTTP/1.1" 302 -
127.0.0.1 - - [26/Apr/2011:22:17:34 +0800] "POST /InternetOS/signal/send?callback=http://localhost:8080/DemoApp/callback&token=accesstoken:user HTTP/1.1" 200 -
0:0:0:0:0:0:0:1 - - [26/Apr/2011:22:17:34 +0800] "GET /DemoApp/signaltest HTTP/1.1" 200 -
127.0.0.1 - - [26/Apr/2011:22:17:34 +0800] "POST /DemoApp/callback HTTP/1.1" 200 -
127.0.0.1 - - [26/Apr/2011:22:17:35 +0800] "POST /DemoApp/listener HTTP/1.1" 200 6
127.0.0.1 - - [26/Apr/2011:22:17:34 +0800] "POST /DemoApp/callback HTTP/1.1" 200 -
0:0:0:0:0:0:0:1 - - [26/Apr/2011:22:18:31 +0800] "GET /InternetOS/loginfortoken?username=user&password=a HTTP/1.1" 200 624
0:0:0:0:0:0:0:1 - - [26/Apr/2011:22:18:37 +0800] "GET /InternetOS/identifyservice/login?callback=http://localhost:8080/DemoApp/Init HTTP/1.1" 200 1121
0:0:0:0:0:0:0:1 - - [26/Apr/2011:22:18:37 +0800] "GET /favicon.ico HTTP/1.1" 404 988
0:0:0:0:0:0:0:1 - - [26/Apr/2011:22:18:39 +0800] "POST /InternetOS/identifyservice/login HTTP/1.1" 302 8
127.0.0.1 - - [26/Apr/2011:22:18:39 +0800] "GET /InternetOS/identifyservice/token?authtoken=tokenuser HTTP/1.1" 200 624
0:0:0:0:0:0:0:1 - - [26/Apr/2011:22:18:39 +0800] "GET /DemoApp/Init?authtoken=tokenuser HTTP/1.1" 302 616
127.0.0.1 - - [26/Apr/2011:22:18:39 +0800] "POST /InternetOS/signal/send?callback=http://localhost:8080/DemoApp/callback&token=accesstoken:user HTTP/1.1" 200 -
0:0:0:0:0:0:0:1 - - [26/Apr/2011:22:18:39 +0800] "GET /DemoApp/signaltest HTTP/1.1" 200 -
127.0.0.1 - - [26/Apr/2011:22:18:39 +0800] "POST /DemoApp/listener HTTP/1.1" 200 6
127.0.0.1 - - [26/Apr/2011:22:18:39 +0800] "POST /DemoApp/callback HTTP/1.1" 200 -
127.0.0.1 - - [26/Apr/2011:22:18:39 +0800] "POST /DemoApp/callback HTTP/1.1" 200 -
0:0:0:0:0:0:0:1 - - [26/Apr/2011:22:19:25 +0800] "GET /InternetOS/loginfortoken?username=user&password=a HTTP/1.1" 200 16
0:0:0:0:0:0:0:1 - - [26/Apr/2011:22:19:30 +0800] "GET /InternetOS/identifyservice/login?callback=http://localhost:8080/DemoApp/Init HTTP/1.1" 200 513
0:0:0:0:0:0:0:1 - - [26/Apr/2011:22:19:30 +0800] "GET /favicon.ico HTTP/1.1" 404 988
0:0:0:0:0:0:0:1 - - [26/Apr/2011:22:19:32 +0800] "POST /InternetOS/identifyservice/login HTTP/1.1" 302 8
127.0.0.1 - - [26/Apr/2011:22:19:32 +0800] "GET /InternetOS/identifyservice/token?authtoken=tokenuser HTTP/1.1" 200 24
0:0:0:0:0:0:0:1 - - [26/Apr/2011:22:19:32 +0800] "GET /DemoApp/Init?authtoken=tokenuser HTTP/1.1" 302 -
127.0.0.1 - - [26/Apr/2011:22:19:32 +0800] "POST /InternetOS/signal/send?callback=http://localhost:8080/DemoApp/callback&token=accesstoken:user HTTP/1.1" 200 608
0:0:0:0:0:0:0:1 - - [26/Apr/2011:22:19:32 +0800] "GET /DemoApp/signaltest HTTP/1.1" 200 -
127.0.0.1 - - [26/Apr/2011:22:19:32 +0800] "POST /DemoApp/listener HTTP/1.1" 200 6
127.0.0.1 - - [26/Apr/2011:22:19:32 +0800] "POST /DemoApp/callback HTTP/1.1" 200 -
127.0.0.1 - - [26/Apr/2011:22:19:32 +0800] "POST /DemoApp/callback HTTP/1.1" 200 -
0:0:0:0:0:0:0:1 - - [26/Apr/2011:22:20:56 +0800] "GET /InternetOS/loginfortoken?username=user&password=a HTTP/1.1" 200 16
0:0:0:0:0:0:0:1 - - [26/Apr/2011:22:21:09 +0800] "GET /InternetOS/identifyservice/login?callback=http://localhost:8080/DemoApp/Init HTTP/1.1" 200 513
0:0:0:0:0:0:0:1 - - [26/Apr/2011:22:21:13 +0800] "POST /InternetOS/identifyservice/login HTTP/1.1" 302 -
127.0.0.1 - - [26/Apr/2011:22:21:13 +0800] "GET /InternetOS/identifyservice/token?authtoken=tokenuser HTTP/1.1" 200 16
0:0:0:0:0:0:0:1 - - [26/Apr/2011:22:21:13 +0800] "GET /DemoApp/Init?authtoken=tokenuser HTTP/1.1" 302 -
127.0.0.1 - - [26/Apr/2011:22:21:13 +0800] "POST /InternetOS/signal/send?callback=http://localhost:8080/DemoApp/callback&token=accesstoken:user HTTP/1.1" 200 8
0:0:0:0:0:0:0:1 - - [26/Apr/2011:22:21:13 +0800] "GET /DemoApp/signaltest HTTP/1.1" 200 608
127.0.0.1 - - [26/Apr/2011:22:21:13 +0800] "POST /DemoApp/listener HTTP/1.1" 200 6
127.0.0.1 - - [26/Apr/2011:22:21:13 +0800] "POST /DemoApp/callback HTTP/1.1" 200 -
127.0.0.1 - - [26/Apr/2011:22:21:13 +0800] "POST /DemoApp/callback HTTP/1.1" 200 -
127.0.0.1 - - [26/Apr/2011:22:21:21 +0800] "POST /InternetOS/signal/send?callback=http://localhost:8080/DemoApp/callback&token=accesstoken:user HTTP/1.1" 200 -
0:0:0:0:0:0:0:1 - - [26/Apr/2011:22:21:21 +0800] "GET /DemoApp/signaltest HTTP/1.1" 200 -
127.0.0.1 - - [26/Apr/2011:22:21:21 +0800] "POST /DemoApp/listener HTTP/1.1" 200 6
127.0.0.1 - - [26/Apr/2011:22:21:21 +0800] "POST /DemoApp/callback HTTP/1.1" 200 -
127.0.0.1 - - [26/Apr/2011:22:21:21 +0800] "POST /DemoApp/callback HTTP/1.1" 200 -
0:0:0:0:0:0:0:1 - - [26/Apr/2011:22:21:24 +0800] "POST /InternetOS/identifyservice/login HTTP/1.1" 302 -
127.0.0.1 - - [26/Apr/2011:22:21:25 +0800] "GET /InternetOS/identifyservice/token?authtoken=tokenuser HTTP/1.1" 200 16
0:0:0:0:0:0:0:1 - - [26/Apr/2011:22:21:24 +0800] "GET /DemoApp/Init?authtoken=tokenuser HTTP/1.1" 302 -
0:0:0:0:0:0:0:1 - - [26/Apr/2011:22:21:24 +0800] "GET /DemoApp/signaltest HTTP/1.1" 200 -
127.0.0.1 - - [26/Apr/2011:22:21:25 +0800] "POST /InternetOS/signal/send?callback=http://localhost:8080/DemoApp/callback&token=accesstoken:user HTTP/1.1" 200 -
127.0.0.1 - - [26/Apr/2011:22:21:25 +0800] "POST /DemoApp/listener HTTP/1.1" 200 6
127.0.0.1 - - [26/Apr/2011:22:21:25 +0800] "POST /DemoApp/callback HTTP/1.1" 200 -
127.0.0.1 - - [26/Apr/2011:22:21:25 +0800] "POST /DemoApp/callback HTTP/1.1" 200 -
0:0:0:0:0:0:0:1 - - [26/Apr/2011:22:23:28 +0800] "GET /InternetOS/loginfortoken?username=user&password=a HTTP/1.1" 200 624
0:0:0:0:0:0:0:1 - - [26/Apr/2011:22:23:35 +0800] "GET /InternetOS/identifyservice/login?callback=http://localhost:8080/DemoApp/Init HTTP/1.1" 200 1121
0:0:0:0:0:0:0:1 - - [26/Apr/2011:22:23:35 +0800] "GET /favicon.ico HTTP/1.1" 404 988
0:0:0:0:0:0:0:1 - - [26/Apr/2011:22:23:38 +0800] "POST /InternetOS/identifyservice/login HTTP/1.1" 302 616
0:0:0:0:0:0:0:1 - - [26/Apr/2011:22:23:38 +0800] "GET /DemoApp/Init?authtoken=tokenuser HTTP/1.1" 302 8
127.0.0.1 - - [26/Apr/2011:22:23:38 +0800] "GET /InternetOS/identifyservice/token?authtoken=tokenuser HTTP/1.1" 200 16
127.0.0.1 - - [26/Apr/2011:22:23:38 +0800] "POST /InternetOS/signal/send?callback=http://localhost:8080/DemoApp/callback&token=accesstoken:user HTTP/1.1" 200 -
0:0:0:0:0:0:0:1 - - [26/Apr/2011:22:23:38 +0800] "GET /DemoApp/signaltest HTTP/1.1" 200 -
127.0.0.1 - - [26/Apr/2011:22:23:38 +0800] "POST /DemoApp/listener HTTP/1.1" 200 6
127.0.0.1 - - [26/Apr/2011:22:23:38 +0800] "POST /DemoApp/callback HTTP/1.1" 200 -
127.0.0.1 - - [26/Apr/2011:22:23:38 +0800] "POST /DemoApp/callback HTTP/1.1" 200 -
0:0:0:0:0:0:0:1 - - [26/Apr/2011:22:26:18 +0800] "GET /InternetOS/loginfortoken?username=user&password=a HTTP/1.1" 200 16
0:0:0:0:0:0:0:1 - - [26/Apr/2011:22:27:07 +0800] "GET /InternetOS/loginfortoken?username=user&password=a HTTP/1.1" 200 24
0:0:0:0:0:0:0:1 - - [26/Apr/2011:22:27:42 +0800] "GET /InternetOS/loginfortoken?username=user&password=a HTTP/1.1" 200 16
0:0:0:0:0:0:0:1 - - [26/Apr/2011:22:28:03 +0800] "GET /InternetOS/loginfortoken?username=user&password=a HTTP/1.1" 200 16
0:0:0:0:0:0:0:1 - - [26/Apr/2011:22:29:45 +0800] "GET /InternetOS/loginfortoken?username=user&password=a HTTP/1.1" 200 16
0:0:0:0:0:0:0:1 - - [26/Apr/2011:22:30:03 +0800] "GET /InternetOS/loginfortoken?username=user&password=a HTTP/1.1" 200 16
0:0:0:0:0:0:0:1 - - [26/Apr/2011:22:30:46 +0800] "GET /InternetOS/loginfortoken?username=user&password=a HTTP/1.1" 200 16
0:0:0:0:0:0:0:1 - - [26/Apr/2011:22:31:07 +0800] "GET /InternetOS/loginfortoken?username=user&password=a HTTP/1.1" 200 16
0:0:0:0:0:0:0:1 - - [26/Apr/2011:22:32:04 +0800] "GET /InternetOS/loginfortoken?username=user&password=a HTTP/1.1" 200 16
0:0:0:0:0:0:0:1 - - [26/Apr/2011:22:32:42 +0800] "GET /InternetOS/loginfortoken?username=user&password=a HTTP/1.1" 200 16
0:0:0:0:0:0:0:1 - - [26/Apr/2011:22:32:50 +0800] "GET /InternetOS/identifyservice/login?callback=http://localhost:8080/DemoApp/Init HTTP/1.1" 200 1121
0:0:0:0:0:0:0:1 - - [26/Apr/2011:22:32:50 +0800] "GET /favicon.ico HTTP/1.1" 404 988
0:0:0:0:0:0:0:1 - - [26/Apr/2011:22:32:53 +0800] "POST /InternetOS/identifyservice/login HTTP/1.1" 302 -
127.0.0.1 - - [26/Apr/2011:22:32:53 +0800] "GET /InternetOS/identifyservice/token?authtoken=tokenuser HTTP/1.1" 200 24
0:0:0:0:0:0:0:1 - - [26/Apr/2011:22:32:53 +0800] "GET /DemoApp/Init?authtoken=tokenuser HTTP/1.1" 302 -
127.0.0.1 - - [26/Apr/2011:22:32:53 +0800] "POST /InternetOS/signal/send?callback=http://localhost:8080/DemoApp/callback&token=accesstoken:user HTTP/1.1" 200 -
0:0:0:0:0:0:0:1 - - [26/Apr/2011:22:32:53 +0800] "GET /DemoApp/signaltest HTTP/1.1" 200 -
127.0.0.1 - - [26/Apr/2011:22:32:53 +0800] "POST /DemoApp/listener HTTP/1.1" 200 6
127.0.0.1 - - [26/Apr/2011:22:32:53 +0800] "POST /DemoApp/callback HTTP/1.1" 200 -
127.0.0.1 - - [26/Apr/2011:22:32:53 +0800] "POST /DemoApp/callback HTTP/1.1" 200 -
0:0:0:0:0:0:0:1 - - [26/Apr/2011:22:33:18 +0800] "GET /InternetOS/loginfortoken?username=user&password=a HTTP/1.1" 200 16
0:0:0:0:0:0:0:1 - - [26/Apr/2011:22:33:24 +0800] "GET /InternetOS/identifyservice/login?callback=http://localhost:8080/DemoApp/Init HTTP/1.1" 200 513
0:0:0:0:0:0:0:1 - - [26/Apr/2011:22:33:24 +0800] "GET /favicon.ico HTTP/1.1" 404 1596
0:0:0:0:0:0:0:1 - - [26/Apr/2011:22:33:26 +0800] "POST /InternetOS/identifyservice/login HTTP/1.1" 302 -
127.0.0.1 - - [26/Apr/2011:22:33:27 +0800] "GET /InternetOS/identifyservice/token?authtoken=tokenuser HTTP/1.1" 200 24
0:0:0:0:0:0:0:1 - - [26/Apr/2011:22:33:26 +0800] "GET /DemoApp/Init?authtoken=tokenuser HTTP/1.1" 302 -
127.0.0.1 - - [26/Apr/2011:22:33:27 +0800] "POST /InternetOS/signal/send?callback=http://localhost:8080/DemoApp/callback&token=accesstoken:user HTTP/1.1" 200 -
0:0:0:0:0:0:0:1 - - [26/Apr/2011:22:33:26 +0800] "GET /DemoApp/signaltest HTTP/1.1" 200 -
127.0.0.1 - - [26/Apr/2011:22:33:27 +0800] "POST /DemoApp/listener HTTP/1.1" 200 6
127.0.0.1 - - [26/Apr/2011:22:33:27 +0800] "POST /DemoApp/callback HTTP/1.1" 200 -
127.0.0.1 - - [26/Apr/2011:22:33:27 +0800] "POST /DemoApp/callback HTTP/1.1" 200 -
0:0:0:0:0:0:0:1 - - [26/Apr/2011:22:33:49 +0800] "POST /InternetOS/identifyservice/login HTTP/1.1" 302 -
0:0:0:0:0:0:0:1 - - [26/Apr/2011:22:33:49 +0800] "GET /DemoApp/Init?authtoken=tokenuser HTTP/1.1" 302 -
127.0.0.1 - - [26/Apr/2011:22:33:49 +0800] "GET /InternetOS/identifyservice/token?authtoken=tokenuser HTTP/1.1" 200 16
127.0.0.1 - - [26/Apr/2011:22:33:49 +0800] "POST /InternetOS/signal/send?callback=http://localhost:8080/DemoApp/callback&token=accesstoken:user HTTP/1.1" 200 -
0:0:0:0:0:0:0:1 - - [26/Apr/2011:22:33:49 +0800] "GET /DemoApp/signaltest HTTP/1.1" 200 608
127.0.0.1 - - [26/Apr/2011:22:33:49 +0800] "POST /DemoApp/listener HTTP/1.1" 200 6
127.0.0.1 - - [26/Apr/2011:22:33:49 +0800] "POST /DemoApp/callback HTTP/1.1" 200 -
127.0.0.1 - - [26/Apr/2011:22:33:49 +0800] "POST /DemoApp/callback HTTP/1.1" 200 -
127.0.0.1 - - [26/Apr/2011:22:36:27 +0800] "GET / HTTP/1.1" 404 955
127.0.0.1 - - [26/Apr/2011:22:54:03 +0800] "GET / HTTP/1.1" 404 955
0:0:0:0:0:0:0:1 - - [26/Apr/2011:22:54:19 +0800] "GET /InternetOS/loginfortoken?username=user&password=a HTTP/1.1" 200 16
0:0:0:0:0:0:0:1 - - [26/Apr/2011:22:54:28 +0800] "GET /InternetOS/identifyservice/login?callback=http://localhost:8080/DemoApp/Init HTTP/1.1" 200 513
0:0:0:0:0:0:0:1 - - [26/Apr/2011:22:54:30 +0800] "POST /InternetOS/identifyservice/login HTTP/1.1" 302 -
127.0.0.1 - - [26/Apr/2011:22:54:30 +0800] "GET /InternetOS/identifyservice/token?authtoken=tokenuser HTTP/1.1" 200 16
0:0:0:0:0:0:0:1 - - [26/Apr/2011:22:54:30 +0800] "GET /DemoApp/Init?authtoken=tokenuser HTTP/1.1" 302 -
127.0.0.1 - - [26/Apr/2011:22:54:31 +0800] "POST /InternetOS/signal/send?callback=http://localhost:8080/DemoApp/callback&token=accesstoken:user HTTP/1.1" 200 -
127.0.0.1 - - [26/Apr/2011:22:54:31 +0800] "POST /DemoApp/listener HTTP/1.1" 200 6
127.0.0.1 - - [26/Apr/2011:22:54:31 +0800] "POST /DemoApp/callback HTTP/1.1" 200 -
0:0:0:0:0:0:0:1 - - [26/Apr/2011:22:54:31 +0800] "GET /DemoApp/signaltest HTTP/1.1" 200 -
127.0.0.1 - - [26/Apr/2011:22:54:31 +0800] "POST /DemoApp/callback HTTP/1.1" 200 -
127.0.0.1 - - [26/Apr/2011:22:54:58 +0800] "POST /InternetOS/signal/send?callback=http://localhost:8080/DemoApp/callback&token=accesstoken:user HTTP/1.1" 200 -
0:0:0:0:0:0:0:1 - - [26/Apr/2011:22:54:58 +0800] "GET /DemoApp/signaltest HTTP/1.1" 200 519
127.0.0.1 - - [26/Apr/2011:22:54:58 +0800] "POST /DemoApp/listener HTTP/1.1" 200 6
127.0.0.1 - - [26/Apr/2011:22:54:58 +0800] "POST /DemoApp/callback HTTP/1.1" 200 -
127.0.0.1 - - [26/Apr/2011:22:54:58 +0800] "POST /DemoApp/callback HTTP/1.1" 200 -
